// Jest Snapshot v1, https://goo.gl/fbAQLP

exports[`ItemDetail renders as designed 1`] = `
<article>
  <div>
    <img
      alt="Cool Museum Thing"
      src="http://coolthings.com.jpg"
    />
    <h3>
      Cool Museum Thing
    </h3>
    <p>
      <span>
        wool, steel
      </span>
    </p>
    <p />
  </div>
  <a
    onClick={[Function]}
  >
    <span>
      back to search
    </span>
  </a>
</article>
`;
